
> foundrhub@0.0.0 build
> vite build

[36mvite v5.4.21 [32mbuilding for production...[36m[39m
transforming...
[32mΓ£ô[39m 2130 modules transformed.
node.exe : [31mx[39m 
Build failed in 2.44s
At C:\Program 
Files\nodejs\npm.ps1:29 
char:3
+   & $NODE_EXE 
$NPM_CLI_JS $args
+   ~~~~~~~~~~~~~~~~~~~~~~
~~~~~~~
    + CategoryInfo        
      : NotSpecified: (  
  [31mx[39m Build fail   
 ed in 2.44s:String) [    
], RemoteException
    + FullyQualifiedError 
   Id : NativeCommandErr  
  or
 
[31merror during build:
[31msrc/components/Startu
pDetailDrawer.jsx (3:67): 
"Linkedin" is not 
exported by "node_modules/
lucide-react/dist/esm/luci
de-react.js", imported by 
"src/components/StartupDet
ailDrawer.jsx".[31m
file: [36mC:/Users/VANSH/
Desktop/FoundrHUB/src/comp
onents/StartupDetailDrawer
.jsx:3:67[31m
[33m
1: import React from 
'react'
2: import { motion, 
AnimatePresence } from 
'framer-motion'
3: import { X, Eye, 
Bookmark, ArrowUpRight, 
MapPin, Briefcase, Globe, 
Linkedin, MessageCircle, 
ShieldCheck, TrendingUp, 
...
                          
                          
                  ^
4: 
5: const 
StartupDetailDrawer = ({ 
startup, isOpen, onClose 
}) => {
[31m
    at getRollupError (fil
e:///C:/Users/VANSH/Deskto
p/FoundrHUB/node_modules/r
ollup/dist/es/shared/parse
Ast.js:406:41)
    at error (file:///C:/U
sers/VANSH/Desktop/FoundrH
UB/node_modules/rollup/dis
t/es/shared/parseAst.js:40
2:42)
    at Module.error (file:
///C:/Users/VANSH/Desktop/
FoundrHUB/node_modules/rol
lup/dist/es/shared/node-en
try.js:17380:16)
    at 
Module.traceVariable (file
:///C:/Users/VANSH/Desktop
/FoundrHUB/node_modules/ro
llup/dist/es/shared/node-e
ntry.js:17813:29)
    at 
ModuleScope.findVariable (
file:///C:/Users/VANSH/Des
ktop/FoundrHUB/node_module
s/rollup/dist/es/shared/no
de-entry.js:15403:39)
    at ReturnValueScope.fi
ndVariable (file:///C:/Use
rs/VANSH/Desktop/FoundrHUB
/node_modules/rollup/dist/
es/shared/node-entry.js:56
76:38)
    at FunctionBodyScope.f
indVariable (file:///C:/Us
ers/VANSH/Desktop/FoundrHU
B/node_modules/rollup/dist
/es/shared/node-entry.js:5
676:38)
    at Identifier.bind (fi
le:///C:/Users/VANSH/Deskt
op/FoundrHUB/node_modules/
rollup/dist/es/shared/node
-entry.js:5450:40)
    at 
ArrayExpression.bind (file
:///C:/Users/VANSH/Desktop
/FoundrHUB/node_modules/ro
llup/dist/es/shared/node-e
ntry.js:2828:28)
    at 
MemberExpression.bind (fil
e:///C:/Users/VANSH/Deskto
p/FoundrHUB/node_modules/r
ollup/dist/es/shared/node-
entry.js:2832:23)[39m
